Test: Loaded 114000 tracks from spotify.csv
